// Jest Snapshot v1, https://goo.gl/fbAQLP

exports[`renders correctly 1`] = `
<View
  accessible={true}
  focusable={false}
  onClick={[Function]}
  onResponderGrant={[Function]}
  onResponderMove={[Function]}
  onResponderRelease={[Function]}
  onResponderTerminate={[Function]}
  onResponderTerminationRequest={[Function]}
  onStartShouldSetResponder={[Function]}
  style={
    Object {
      "alignItems": "center",
      "backgroundColor": "#FF6C44",
      "justifyContent": "center",
      "opacity": 1,
    }
  }
>
  <Text
    style={
      Object {
        "color": "#FFFFFF",
        "fontFamily": "sans-serif",
        "fontSize": 16,
        "lineHeight": 22,
      }
    }
  />
</View>
`;
