// Jest Snapshot v1, https://goo.gl/fbAQLP

exports[`renders correctly 1`] = `
<View
  onLayout={[Function]}
  style={
    Object {
      "flex": 1,
      "justifyContent": "center",
    }
  }
>
  <View
    style={
      Object {
        "backgroundColor": "#FFFFFF",
        "flex": 1,
        "paddingVertical": 24,
      }
    }
  >
    <View
      style={
        Object {
          "alignItems": "center",
        }
      }
    >
      <Image
        resizeMode="contain"
        source={1}
        style={
          Object {
            "height": 100,
            "width": 200,
          }
        }
      />
    </View>
    <View
      style={
        Object {
          "marginTop": 48,
        }
      }
    >
      <Text
        style={
          Object {
            "fontFamily": "Poppins-Bold",
            "fontSize": 22,
            "lineHeight": 30,
            "textAlign": "center",
          }
        }
      >
        Password Recovery
      </Text>
      <Text
        style={
          Object {
            "color": "#525C67",
            "fontFamily": "Poppins-Regular",
            "fontSize": 16,
            "lineHeight": 22,
            "marginTop": 8,
            "textAlign": "center",
          }
        }
      >
        Please enter your email address to server
      </Text>
    </View>
    <View
      style={
        Object {
          "flex": 1,
          "marginTop": 48,
        }
      }
    >
      <View
        style={Object {}}
      >
        <View
          style={
            Object {
              "flexDirection": "row",
              "justifyContent": "space-between",
            }
          }
        >
          <Text
            style={
              Object {
                "color": "#898B9A",
                "fontFamily": "sans-serif",
                "fontSize": 14,
                "lineHeight": 22,
              }
            }
          >
            Email
          </Text>
          <Text
            style={
              Object {
                "color": "#FF1717",
                "fontFamily": "sans-serif",
                "fontSize": 14,
                "lineHeight": 22,
              }
            }
          >
            
          </Text>
        </View>
        <View
          style={
            Object {
              "backgroundColor": "#F5F5F8",
              "borderRadius": 12,
              "flexDirection": "row",
              "height": 55,
              "marginTop": 8,
              "paddingHorizontal": 24,
            }
          }
        >
          <TextInput
            allowFontScaling={true}
            autoCapitalize="none"
            autoCompleteType="email"
            keyboardType="email-address"
            onChangeText={[Function]}
            placeholderTextColor="#898B9A"
            rejectResponderTermination={true}
            style={
              Object {
                "flex": 1,
              }
            }
            underlineColorAndroid="transparent"
          />
          <View
            style={
              Object {
                "justifyContent": "center",
              }
            }
          >
            <Image
              source={1}
              style={
                Object {
                  "height": 20,
                  "tintColor": "#898B9A",
                  "width": 20,
                }
              }
            />
          </View>
        </View>
      </View>
    </View>
    <View
      accessible={true}
      focusable={true}
      onClick={[Function]}
      onResponderGrant={[Function]}
      onResponderMove={[Function]}
      onResponderRelease={[Function]}
      onResponderTerminate={[Function]}
      onResponderTerminationRequest={[Function]}
      onStartShouldSetResponder={[Function]}
      style={
        Object {
          "alignItems": "center",
          "backgroundColor": "rgba(227, 120, 75, 0.4)",
          "borderRadius": 12,
          "height": 55,
          "justifyContent": "center",
          "marginTop": 24,
          "opacity": 1,
        }
      }
    >
      <Text
        style={
          Object {
            "color": "#FFFFFF",
            "fontFamily": "sans-serif",
            "fontSize": 16,
            "lineHeight": 22,
          }
        }
      >
        Send Email
      </Text>
    </View>
  </View>
</View>
`;
